// Jest Snapshot v1, https://goo.gl/fbAQLP

exports[`basic 1`] = `
.c0 {
  padding: 4em;
  background: papayawhip;
}

.c1 {
  font-size: 1.5em;
  text-align: center;
  color: palevioletred;
}

<section
  class="c0"
>
  <h1
    class="c1"
  >
    Hello World, this is my first styled component!
  </h1>
</section>
`;
